./gradlew : error: [Hilt] No property named assistedFactory was found in annotation HiltViewModel: java.lang.IllegalStateException: No property named assistedFactory was found in 
annotation HiltViewModel
At line:1 char:1
+ ./gradlew build > build_output.txt 2> build_errors.txt
+ ~~~~~~~~~~~~~~~~~~~~~~~~~~~~~~~~~~~~~~~~~~~~~~~~~~~~~~
    + CategoryInfo          : NotSpecified: (error: [Hilt] N...n HiltViewModel:String) [], RemoteException
    + FullyQualifiedErrorId : NativeCommandError
 
  	at dagger.spi.internal.shaded.androidx.room.compiler.processing.InternalXAnnotation.getAnnotationValue(InternalXAnnotation.kt:30)
  	at dagger.spi.internal.shaded.androidx.room.compiler.processing.XAnnotation.getAsType(XAnnotation.kt:81)
  	at 
dagger.hilt.android.processor.internal.viewmodel.ViewModelMetadata$Companion.create$java_dagger_hilt_android_processor_internal_viewmodel_processor_lib(ViewModelMetadata.kt:80)
  	at dagger.hilt.android.processor.internal.viewmodel.ViewModelProcessingStep.processEach(ViewModelProcessingStep.kt:36)
  	at dagger.hilt.processor.internal.BaseProcessingStep.process(BaseProcessingStep.java:118)
  	at dagger.hilt.processor.internal.BaseProcessingStep.process(BaseProcessingStep.java:49)
  	at dagger.spi.internal.shaded.androidx.room.compiler.processing.CommonProcessorDelegate.processRound(XBasicAnnotationProcessor.kt:132)
  	at dagger.spi.internal.shaded.androidx.room.compiler.processing.javac.JavacBasicAnnotationProcessor.process(JavacBasicAnnotationProcessor.kt:73)
  	at org.jetbrains.kotlin.kapt3.base.incremental.IncrementalProcessor.process(incrementalProcessors.kt:90)
  	at org.jetbrains.kotlin.kapt3.base.ProcessorWrapper.process(annotationProcessing.kt:216)
  	at jdk.compiler/com.sun.tools.javac.processing.JavacProcessingEnvironment.callProcessor(JavacProcessingEnvironment.java:1023)
  	at jdk.compiler/com.sun.tools.javac.processing.JavacProcessingEnvironment.discoverAndRunProcs(JavacProcessingEnvironment.java:939)
  	at jdk.compiler/com.sun.tools.javac.processing.JavacProcessingEnvironment$Round.run(JavacProcessingEnvironment.java:1267)
  	at jdk.compiler/com.sun.tools.javac.processing.JavacProcessingEnvironment.doProcessing(JavacProcessingEnvironment.java:1382)
  	at jdk.compiler/com.sun.tools.javac.main.JavaCompiler.processAnnotations(JavaCompiler.java:1234)
  	at java.base/jdk.internal.reflect.NativeMethodAccessorImpl.invoke0(Native Method)
  	at java.base/jdk.internal.reflect.NativeMethodAccessorImpl.invoke(NativeMethodAccessorImpl.java:77)
  	at java.base/jdk.internal.reflect.DelegatingMethodAccessorImpl.invoke(DelegatingMethodAccessorImpl.java:43)
  	at java.base/java.lang.reflect.Method.invoke(Method.java:569)
  	at org.jetbrains.kotlin.kapt3.base.AnnotationProcessingKt.doAnnotationProcessing(annotationProcessing.kt:97)
  	at org.jetbrains.kotlin.kapt3.base.AnnotationProcessingKt.doAnnotationProcessing(annotationProcessing.kt:36)
  	at org.jetbrains.kotlin.kapt3.base.Kapt.kapt(Kapt.kt:46)
  	at java.base/jdk.internal.reflect.NativeMethodAccessorImpl.invoke0(Native Method)
  	at java.base/jdk.internal.reflect.NativeMethodAccessorImpl.invoke(NativeMethodAccessorImpl.java:77)
  	at java.base/jdk.internal.reflect.DelegatingMethodAccessorImpl.invoke(DelegatingMethodAccessorImpl.java:43)
  	at java.base/java.lang.reflect.Method.invoke(Method.java:569)
  	at org.jetbrains.kotlin.gradle.internal.KaptExecution.run(KaptWithoutKotlincTask.kt:325)
  	at org.jetbrains.kotlin.gradle.internal.KaptWithoutKotlincTask$KaptExecutionWorkAction.execute(KaptWithoutKotlincTask.kt:266)
  	at org.gradle.workers.internal.DefaultWorkerServer.execute(DefaultWorkerServer.java:63)
  	at org.gradle.workers.internal.NoIsolationWorkerFactory$1$1.create(NoIsolationWorkerFactory.java:66)
  	at org.gradle.workers.internal.NoIsolationWorkerFactory$1$1.create(NoIsolationWorkerFactory.java:62)
  	at org.gradle.internal.classloader.ClassLoaderUtils.executeInClassloader(ClassLoaderUtils.java:100)
  	at org.gradle.workers.internal.NoIsolationWorkerFactory$1.lambda$execute$0(NoIsolationWorkerFactory.java:62)
  	at org.gradle.workers.internal.AbstractWorker$1.call(AbstractWorker.java:44)
  	at org.gradle.workers.internal.AbstractWorker$1.call(AbstractWorker.java:41)
  	at org.gradle.internal.operations.DefaultBuildOperationRunner$CallableBuildOperationWorker.execute(DefaultBuildOperationRunner.java:210)
  	at org.gradle.internal.operations.DefaultBuildOperationRunner$CallableBuildOperationWorker.execute(DefaultBuildOperationRunner.java:205)
  	at org.gradle.internal.operations.DefaultBuildOperationRunner$2.execute(DefaultBuildOperationRunner.java:67)
  	at org.gradle.internal.operations.DefaultBuildOperationRunner$2.execute(DefaultBuildOperationRunner.java:60)
  	at org.gradle.internal.operations.DefaultBuildOperationRunner.execute(DefaultBuildOperationRunner.java:167)
  	at org.gradle.internal.operations.DefaultBuildOperationRunner.execute(DefaultBuildOperationRunner.java:60)
  	at org.gradle.internal.operations.DefaultBuildOperationRunner.call(DefaultBuildOperationRunner.java:54)
  	at org.gradle.workers.internal.AbstractWorker.executeWrappedInBuildOperation(AbstractWorker.java:41)
  	at org.gradle.workers.internal.NoIsolationWorkerFactory$1.execute(NoIsolationWorkerFactory.java:59)
  	at org.gradle.workers.internal.DefaultWorkerExecutor.lambda$submitWork$0(DefaultWorkerExecutor.java:174)
  	at java.base/java.util.concurrent.FutureTask.run(FutureTask.java:264)
  	at org.gradle.internal.work.DefaultConditionalExecutionQueue$ExecutionRunner.runExecution(DefaultConditionalExecutionQueue.java:194)
  	at org.gradle.internal.work.DefaultConditionalExecutionQueue$ExecutionRunner.access$700(DefaultConditionalExecutionQueue.java:127)
  	at org.gradle.internal.work.DefaultConditionalExecutionQueue$ExecutionRunner$1.run(DefaultConditionalExecutionQueue.java:169)
  	at org.gradle.internal.Factories$1.create(Factories.java:31)
  	at org.gradle.internal.work.DefaultWorkerLeaseService.withLocks(DefaultWorkerLeaseService.java:263)
  	at org.gradle.internal.work.DefaultWorkerLeaseService.runAsWorkerThread(DefaultWorkerLeaseService.java:127)
  	at org.gradle.internal.work.DefaultWorkerLeaseService.runAsWorkerThread(DefaultWorkerLeaseService.java:132)
  	at org.gradle.internal.work.DefaultConditionalExecutionQueue$ExecutionRunner.runBatch(DefaultConditionalExecutionQueue.java:164)
  	at org.gradle.internal.work.DefaultConditionalExecutionQueue$ExecutionRunner.run(DefaultConditionalExecutionQueue.java:133)
  	at java.base/java.util.concurrent.Executors$RunnableAdapter.call(Executors.java:539)
  	at java.base/java.util.concurrent.FutureTask.run(FutureTask.java:264)
  	at org.gradle.internal.concurrent.ExecutorPolicy$CatchAndRecordFailures.onExecute(ExecutorPolicy.java:64)
  	at org.gradle.internal.concurrent.AbstractManagedExecutor$1.run(AbstractManagedExecutor.java:48)
  	at java.base/java.util.concurrent.ThreadPoolExecutor.runWorker(ThreadPoolExecutor.java:1136)
  	at java.base/java.util.concurrent.ThreadPoolExecutor$Worker.run(ThreadPoolExecutor.java:635)
  	at java.base/java.lang.Thread.run(Thread.java:840)
  
  [1;31m[Hilt] Processing did not complete. See error above for details.[0m
error: [Hilt] No property named assistedFactory was found in annotation HiltViewModel: java.lang.IllegalStateException: No property named assistedFactory was found in annotation 
HiltViewModel
  	at dagger.spi.internal.shaded.androidx.room.compiler.processing.InternalXAnnotation.getAnnotationValue(InternalXAnnotation.kt:30)
  	at dagger.spi.internal.shaded.androidx.room.compiler.processing.XAnnotation.getAsType(XAnnotation.kt:81)
  	at 
dagger.hilt.android.processor.internal.viewmodel.ViewModelMetadata$Companion.create$java_dagger_hilt_android_processor_internal_viewmodel_processor_lib(ViewModelMetadata.kt:80)
  	at dagger.hilt.android.processor.internal.viewmodel.ViewModelProcessingStep.processEach(ViewModelProcessingStep.kt:36)
  	at dagger.hilt.processor.internal.BaseProcessingStep.process(BaseProcessingStep.java:118)
  	at dagger.hilt.processor.internal.BaseProcessingStep.process(BaseProcessingStep.java:49)
  	at dagger.spi.internal.shaded.androidx.room.compiler.processing.CommonProcessorDelegate.processRound(XBasicAnnotationProcessor.kt:132)
  	at dagger.spi.internal.shaded.androidx.room.compiler.processing.javac.JavacBasicAnnotationProcessor.process(JavacBasicAnnotationProcessor.kt:73)
  	at org.jetbrains.kotlin.kapt3.base.incremental.IncrementalProcessor.process(incrementalProcessors.kt:90)
  	at org.jetbrains.kotlin.kapt3.base.ProcessorWrapper.process(annotationProcessing.kt:216)
  	at jdk.compiler/com.sun.tools.javac.processing.JavacProcessingEnvironment.callProcessor(JavacProcessingEnvironment.java:1023)
  	at jdk.compiler/com.sun.tools.javac.processing.JavacProcessingEnvironment.discoverAndRunProcs(JavacProcessingEnvironment.java:939)
  	at jdk.compiler/com.sun.tools.javac.processing.JavacProcessingEnvironment$Round.run(JavacProcessingEnvironment.java:1267)
  	at jdk.compiler/com.sun.tools.javac.processing.JavacProcessingEnvironment.doProcessing(JavacProcessingEnvironment.java:1382)
  	at jdk.compiler/com.sun.tools.javac.main.JavaCompiler.processAnnotations(JavaCompiler.java:1234)
  	at java.base/jdk.internal.reflect.NativeMethodAccessorImpl.invoke0(Native Method)
  	at java.base/jdk.internal.reflect.NativeMethodAccessorImpl.invoke(NativeMethodAccessorImpl.java:77)
  	at java.base/jdk.internal.reflect.DelegatingMethodAccessorImpl.invoke(DelegatingMethodAccessorImpl.java:43)
  	at java.base/java.lang.reflect.Method.invoke(Method.java:569)
  	at org.jetbrains.kotlin.kapt3.base.AnnotationProcessingKt.doAnnotationProcessing(annotationProcessing.kt:97)
  	at org.jetbrains.kotlin.kapt3.base.AnnotationProcessingKt.doAnnotationProcessing(annotationProcessing.kt:36)
  	at org.jetbrains.kotlin.kapt3.base.Kapt.kapt(Kapt.kt:46)
  	at java.base/jdk.internal.reflect.NativeMethodAccessorImpl.invoke0(Native Method)
  	at java.base/jdk.internal.reflect.NativeMethodAccessorImpl.invoke(NativeMethodAccessorImpl.java:77)
  	at java.base/jdk.internal.reflect.DelegatingMethodAccessorImpl.invoke(DelegatingMethodAccessorImpl.java:43)
  	at java.base/java.lang.reflect.Method.invoke(Method.java:569)
  	at org.jetbrains.kotlin.gradle.internal.KaptExecution.run(KaptWithoutKotlincTask.kt:325)
  	at org.jetbrains.kotlin.gradle.internal.KaptWithoutKotlincTask$KaptExecutionWorkAction.execute(KaptWithoutKotlincTask.kt:266)
  	at org.gradle.workers.internal.DefaultWorkerServer.execute(DefaultWorkerServer.java:63)
  	at org.gradle.workers.internal.NoIsolationWorkerFactory$1$1.create(NoIsolationWorkerFactory.java:66)
  	at org.gradle.workers.internal.NoIsolationWorkerFactory$1$1.create(NoIsolationWorkerFactory.java:62)
  	at org.gradle.internal.classloader.ClassLoaderUtils.executeInClassloader(ClassLoaderUtils.java:100)
  	at org.gradle.workers.internal.NoIsolationWorkerFactory$1.lambda$execute$0(NoIsolationWorkerFactory.java:62)
  	at org.gradle.workers.internal.AbstractWorker$1.call(AbstractWorker.java:44)
  	at org.gradle.workers.internal.AbstractWorker$1.call(AbstractWorker.java:41)
  	at org.gradle.internal.operations.DefaultBuildOperationRunner$CallableBuildOperationWorker.execute(DefaultBuildOperationRunner.java:210)
  	at org.gradle.internal.operations.DefaultBuildOperationRunner$CallableBuildOperationWorker.execute(DefaultBuildOperationRunner.java:205)
  	at org.gradle.internal.operations.DefaultBuildOperationRunner$2.execute(DefaultBuildOperationRunner.java:67)
  	at org.gradle.internal.operations.DefaultBuildOperationRunner$2.execute(DefaultBuildOperationRunner.java:60)
  	at org.gradle.internal.operations.DefaultBuildOperationRunner.execute(DefaultBuildOperationRunner.java:167)
  	at org.gradle.internal.operations.DefaultBuildOperationRunner.execute(DefaultBuildOperationRunner.java:60)
  	at org.gradle.internal.operations.DefaultBuildOperationRunner.call(DefaultBuildOperationRunner.java:54)
  	at org.gradle.workers.internal.AbstractWorker.executeWrappedInBuildOperation(AbstractWorker.java:41)
  	at org.gradle.workers.internal.NoIsolationWorkerFactory$1.execute(NoIsolationWorkerFactory.java:59)
  	at org.gradle.workers.internal.DefaultWorkerExecutor.lambda$submitWork$0(DefaultWorkerExecutor.java:174)
  	at java.base/java.util.concurrent.FutureTask.run(FutureTask.java:264)
  	at org.gradle.internal.work.DefaultConditionalExecutionQueue$ExecutionRunner.runExecution(DefaultConditionalExecutionQueue.java:194)
  	at org.gradle.internal.work.DefaultConditionalExecutionQueue$ExecutionRunner.access$700(DefaultConditionalExecutionQueue.java:127)
  	at org.gradle.internal.work.DefaultConditionalExecutionQueue$ExecutionRunner$1.run(DefaultConditionalExecutionQueue.java:169)
  	at org.gradle.internal.Factories$1.create(Factories.java:31)
  	at org.gradle.internal.work.DefaultWorkerLeaseService.withLocks(DefaultWorkerLeaseService.java:263)
  	at org.gradle.internal.work.DefaultWorkerLeaseService.runAsWorkerThread(DefaultWorkerLeaseService.java:127)
  	at org.gradle.internal.work.DefaultWorkerLeaseService.runAsWorkerThread(DefaultWorkerLeaseService.java:132)
  	at org.gradle.internal.work.DefaultConditionalExecutionQueue$ExecutionRunner.runBatch(DefaultConditionalExecutionQueue.java:164)
  	at org.gradle.internal.work.DefaultConditionalExecutionQueue$ExecutionRunner.run(DefaultConditionalExecutionQueue.java:133)
  	at java.base/java.util.concurrent.Executors$RunnableAdapter.call(Executors.java:539)
  	at java.base/java.util.concurrent.FutureTask.run(FutureTask.java:264)
  	at org.gradle.internal.concurrent.ExecutorPolicy$CatchAndRecordFailures.onExecute(ExecutorPolicy.java:64)
  	at org.gradle.internal.concurrent.AbstractManagedExecutor$1.run(AbstractManagedExecutor.java:48)
  	at java.base/java.util.concurrent.ThreadPoolExecutor.runWorker(ThreadPoolExecutor.java:1136)
  	at java.base/java.util.concurrent.ThreadPoolExecutor$Worker.run(ThreadPoolExecutor.java:635)
  	at java.base/java.lang.Thread.run(Thread.java:840)
  
  [1;31m[Hilt] Processing did not complete. See error above for details.[0m
error: [Hilt] class dagger.spi.internal.shaded.androidx.room.compiler.processing.javac.JavacDeclaredType cannot be cast to class java.util.List 
(dagger.spi.internal.shaded.androidx.room.compiler.processing.javac.JavacDeclaredType is in unnamed module of loader java.net.URLClassLoader @cd3c527; java.util.List is in module 
java.base of loader 'bootstrap'): java.lang.ClassCastException: class dagger.spi.internal.shaded.androidx.room.compiler.processing.javac.JavacDeclaredType cannot be cast to class 
java.util.List (dagger.spi.internal.shaded.androidx.room.compiler.processing.javac.JavacDeclaredType is in unnamed module of loader java.net.URLClassLoader @cd3c527; 
java.util.List is in module java.base of loader 'bootstrap')
  	at dagger.spi.internal.shaded.androidx.room.compiler.processing.XAnnotationValue.asAnnotationValueList(XAnnotationValue.kt:199)
  	at dagger.spi.internal.shaded.androidx.room.compiler.processing.XAnnotationValue.asTypeList(XAnnotationValue.kt:60)
  	at dagger.spi.internal.shaded.androidx.room.compiler.processing.XAnnotation.getAsTypeList(XAnnotation.kt:84)
  	at dagger.internal.codegen.xprocessing.XAnnotations.getAsTypeElementList(XAnnotations.java:141)
  	at dagger.hilt.processor.internal.Processors.getAnnotationClassValues(Processors.java:114)
  	at dagger.hilt.processor.internal.Components.getHiltInstallInComponents(Components.java:84)
  	at dagger.hilt.processor.internal.Components.getComponents(Components.java:40)
  	at dagger.hilt.processor.internal.aggregateddeps.AggregatedDepsProcessingStep.generateAggregatedDeps(AggregatedDepsProcessingStep.java:338)
  	at dagger.hilt.processor.internal.aggregateddeps.AggregatedDepsProcessingStep.processModule(AggregatedDepsProcessingStep.java:273)
  	at dagger.hilt.processor.internal.aggregateddeps.AggregatedDepsProcessingStep.processEach(AggregatedDepsProcessingStep.java:107)
  	at dagger.hilt.processor.internal.BaseProcessingStep.process(BaseProcessingStep.java:118)
  	at dagger.hilt.processor.internal.aggregateddeps.AggregatedDepsProcessingStep.process(AggregatedDepsProcessingStep.java:46)
  	at dagger.spi.internal.shaded.androidx.room.compiler.processing.CommonProcessorDelegate.processRound(XBasicAnnotationProcessor.kt:132)
  	at dagger.spi.internal.shaded.androidx.room.compiler.processing.javac.JavacBasicAnnotationProcessor.process(JavacBasicAnnotationProcessor.kt:73)
  	at org.jetbrains.kotlin.kapt3.base.incremental.IncrementalProcessor.process(incrementalProcessors.kt:90)
  	at org.jetbrains.kotlin.kapt3.base.ProcessorWrapper.process(annotationProcessing.kt:216)
  	at jdk.compiler/com.sun.tools.javac.processing.JavacProcessingEnvironment.callProcessor(JavacProcessingEnvironment.java:1023)
  	at jdk.compiler/com.sun.tools.javac.processing.JavacProcessingEnvironment.discoverAndRunProcs(JavacProcessingEnvironment.java:939)
  	at jdk.compiler/com.sun.tools.javac.processing.JavacProcessingEnvironment$Round.run(JavacProcessingEnvironment.java:1267)
  	at jdk.compiler/com.sun.tools.javac.processing.JavacProcessingEnvironment.doProcessing(JavacProcessingEnvironment.java:1382)
  	at jdk.compiler/com.sun.tools.javac.main.JavaCompiler.processAnnotations(JavaCompiler.java:1234)
  	at java.base/jdk.internal.reflect.NativeMethodAccessorImpl.invoke0(Native Method)
  	at java.base/jdk.internal.reflect.NativeMethodAccessorImpl.invoke(NativeMethodAccessorImpl.java:77)
  	at java.base/jdk.internal.reflect.DelegatingMethodAccessorImpl.invoke(DelegatingMethodAccessorImpl.java:43)
  	at java.base/java.lang.reflect.Method.invoke(Method.java:569)
  	at org.jetbrains.kotlin.kapt3.base.AnnotationProcessingKt.doAnnotationProcessing(annotationProcessing.kt:97)
  	at org.jetbrains.kotlin.kapt3.base.AnnotationProcessingKt.doAnnotationProcessing(annotationProcessing.kt:36)
  	at org.jetbrains.kotlin.kapt3.base.Kapt.kapt(Kapt.kt:46)
  	at java.base/jdk.internal.reflect.NativeMethodAccessorImpl.invoke0(Native Method)
  	at java.base/jdk.internal.reflect.NativeMethodAccessorImpl.invoke(NativeMethodAccessorImpl.java:77)
  	at java.base/jdk.internal.reflect.DelegatingMethodAccessorImpl.invoke(DelegatingMethodAccessorImpl.java:43)
  	at java.base/java.lang.reflect.Method.invoke(Method.java:569)
  	at org.jetbrains.kotlin.gradle.internal.KaptExecution.run(KaptWithoutKotlincTask.kt:325)
  	at org.jetbrains.kotlin.gradle.internal.KaptWithoutKotlincTask$KaptExecutionWorkAction.execute(KaptWithoutKotlincTask.kt:266)
  	at org.gradle.workers.internal.DefaultWorkerServer.execute(DefaultWorkerServer.java:63)
  	at org.gradle.workers.internal.NoIsolationWorkerFactory$1$1.create(NoIsolationWorkerFactory.java:66)
  	at org.gradle.workers.internal.NoIsolationWorkerFactory$1$1.create(NoIsolationWorkerFactory.java:62)
  	at org.gradle.internal.classloader.ClassLoaderUtils.executeInClassloader(ClassLoaderUtils.java:100)
  	at org.gradle.workers.internal.NoIsolationWorkerFactory$1.lambda$execute$0(NoIsolationWorkerFactory.java:62)
  	at org.gradle.workers.internal.AbstractWorker$1.call(AbstractWorker.java:44)
  	at org.gradle.workers.internal.AbstractWorker$1.call(AbstractWorker.java:41)
  	at org.gradle.internal.operations.DefaultBuildOperationRunner$CallableBuildOperationWorker.execute(DefaultBuildOperationRunner.java:210)
  	at org.gradle.internal.operations.DefaultBuildOperationRunner$CallableBuildOperationWorker.execute(DefaultBuildOperationRunner.java:205)
  	at org.gradle.internal.operations.DefaultBuildOperationRunner$2.execute(DefaultBuildOperationRunner.java:67)
  	at org.gradle.internal.operations.DefaultBuildOperationRunner$2.execute(DefaultBuildOperationRunner.java:60)
  	at org.gradle.internal.operations.DefaultBuildOperationRunner.execute(DefaultBuildOperationRunner.java:167)
  	at org.gradle.internal.operations.DefaultBuildOperationRunner.execute(DefaultBuildOperationRunner.java:60)
  	at org.gradle.internal.operations.DefaultBuildOperationRunner.call(DefaultBuildOperationRunner.java:54)
  	at org.gradle.workers.internal.AbstractWorker.executeWrappedInBuildOperation(AbstractWorker.java:41)
  	at org.gradle.workers.internal.NoIsolationWorkerFactory$1.execute(NoIsolationWorkerFactory.java:59)
  	at org.gradle.workers.internal.DefaultWorkerExecutor.lambda$submitWork$0(DefaultWorkerExecutor.java:174)
  	at java.base/java.util.concurrent.FutureTask.run(FutureTask.java:264)
  	at org.gradle.internal.work.DefaultConditionalExecutionQueue$ExecutionRunner.runExecution(DefaultConditionalExecutionQueue.java:194)
  	at org.gradle.internal.work.DefaultConditionalExecutionQueue$ExecutionRunner.access$700(DefaultConditionalExecutionQueue.java:127)
  	at org.gradle.internal.work.DefaultConditionalExecutionQueue$ExecutionRunner$1.run(DefaultConditionalExecutionQueue.java:169)
  	at org.gradle.internal.Factories$1.create(Factories.java:31)
  	at org.gradle.internal.work.DefaultWorkerLeaseService.withLocks(DefaultWorkerLeaseService.java:263)
  	at org.gradle.internal.work.DefaultWorkerLeaseService.runAsWorkerThread(DefaultWorkerLeaseService.java:127)
  	at org.gradle.internal.work.DefaultWorkerLeaseService.runAsWorkerThread(DefaultWorkerLeaseService.java:132)
  	at org.gradle.internal.work.DefaultConditionalExecutionQueue$ExecutionRunner.runBatch(DefaultConditionalExecutionQueue.java:164)
  	at org.gradle.internal.work.DefaultConditionalExecutionQueue$ExecutionRunner.run(DefaultConditionalExecutionQueue.java:133)
  	at java.base/java.util.concurrent.Executors$RunnableAdapter.call(Executors.java:539)
  	at java.base/java.util.concurrent.FutureTask.run(FutureTask.java:264)
  	at org.gradle.internal.concurrent.ExecutorPolicy$CatchAndRecordFailures.onExecute(ExecutorPolicy.java:64)
  	at org.gradle.internal.concurrent.AbstractManagedExecutor$1.run(AbstractManagedExecutor.java:48)
  	at java.base/java.util.concurrent.ThreadPoolExecutor.runWorker(ThreadPoolExecutor.java:1136)
  	at java.base/java.util.concurrent.ThreadPoolExecutor$Worker.run(ThreadPoolExecutor.java:635)
  	at java.base/java.lang.Thread.run(Thread.java:840)
  
  [1;31m[Hilt] Processing did not complete. See error above for details.[0m

FAILURE: Build failed with an exception.

* What went wrong:
Execution failed for task ':app:kaptDebugKotlin'.
> A failure occurred while executing org.jetbrains.kotlin.gradle.internal.KaptWithoutKotlincTask$KaptExecutionWorkAction

* Try:
> Run with --stacktrace option to get the stack trace.
> Run with --info or --debug option to get more log output.
> Run with --scan to get full insights.
> Get more help at https://help.gradle.org.

BUILD FAILED in 8s
